
emab@Emab-PC MINGW64 ~/Desktop/dok (master)
$ mkdir SI_2023_lab1_172007

emab@Emab-PC MINGW64 ~/Desktop/dok (master)
$ cd SI_2023_lab1_172007

emab@Emab-PC MINGW64 ~/Desktop/dok/SI_2023_lab1_172007 (master)
$ git init
Initialized empty Git repository in C:/Users/emab.RYARC/Desktop/dok/SI_2023_lab1_172007/.git/

emab@Emab-PC MINGW64 ~/Desktop/dok/SI_2023_lab1_172007 (master)
$ git config --global user.email emabugevac23@gmail.com

emab@Emab-PC MINGW64 ~/Desktop/dok/SI_2023_lab1_172007 (master)
$ git config --global user.name Ema Bugjevac

emab@Emab-PC MINGW64 ~/Desktop/dok/SI_2023_lab1_172007 (master)
$ git remote add origin https://github.com/bugevac/SI_2023_lab1_172007.git

emab@Emab-PC MINGW64 ~/Desktop/dok/SI_2023_lab1_172007 (master)
$ git add --all

emab@Emab-PC MINGW64 ~/Desktop/dok/SI_2023_lab1_172007 (master)
$ git commit -m "Initial commit"
[master (root-commit) f6e1fc6] Initial commit
 1 file changed, 1 insertion(+)
 create mode 100644 README.md

emab@Emab-PC MINGW64 ~/Desktop/dok/SI_2023_lab1_172007 (master)
$ git add -A

emab@Emab-PC MINGW64 ~/Desktop/dok/SI_2023_lab1_172007 (master)
$ git commit -m "Add java class"
[master 86c72d2] Add java class
 1 file changed, 41 insertions(+)
 create mode 100644 SILab1.java

emab@Emab-PC MINGW64 ~/Desktop/dok/SI_2023_lab1_172007 (master)
$ git push origin master
Enumerating objects: 6, done.
Counting objects: 100% (6/6), done.
Delta compression using up to 8 threads
Compressing objects: 100% (4/4), done.
Writing objects: 100% (6/6), 819 bytes | 819.00 KiB/s, done.
Total 6 (delta 0), reused 0 (delta 0), pack-reused 0
To https://github.com/bugevac/SI_2023_lab1_172007.git
 * [new branch]      master -> master

emab@Emab-PC MINGW64 ~/Desktop/dok/SI_2023_lab1_172007 (master)
$ git branch bug1

emab@Emab-PC MINGW64 ~/Desktop/dok/SI_2023_lab1_172007 (master)
$ git branch bug2

emab@Emab-PC MINGW64 ~/Desktop/dok/SI_2023_lab1_172007 (master)
$ git branch bug3

emab@Emab-PC MINGW64 ~/Desktop/dok/SI_2023_lab1_172007 (master)
$ git checkout bug1
Switched to branch 'bug1'

emab@Emab-PC MINGW64 ~/Desktop/dok/SI_2023_lab1_172007 (bug1)
$ git commit -a -m "Fix wrong loop for reading"
[bug1 11298b0] Fix wrong loop for reading
 1 file changed, 1 insertion(+), 1 deletion(-)

emab@Emab-PC MINGW64 ~/Desktop/dok/SI_2023_lab1_172007 (bug1)
$ git checkout bug2
Switched to branch 'bug2'

emab@Emab-PC MINGW64 ~/Desktop/dok/SI_2023_lab1_172007 (bug2)
$ git commit -a -m "Fix wrong condition in filterOddNumbers"
[bug2 098b8b6] Fix wrong condition in filterOddNumbers
 1 file changed, 1 insertion(+), 1 deletion(-)

emab@Emab-PC MINGW64 ~/Desktop/dok/SI_2023_lab1_172007 (bug2)
$ git checkout bug3
Switched to branch 'bug3'

emab@Emab-PC MINGW64 ~/Desktop/dok/SI_2023_lab1_172007 (bug3)
$ git commit -a -m "Fix method sumEvenNumbers"
[bug3 8b04d8a] Fix method sumEvenNumbers
 1 file changed, 1 insertion(+), 1 deletion(-)

emab@Emab-PC MINGW64 ~/Desktop/dok/SI_2023_lab1_172007 (bug3)
$ git push --all origin
Enumerating objects: 11, done.
Counting objects: 100% (11/11), done.
Delta compression using up to 8 threads
Compressing objects: 100% (9/9), done.
Writing objects: 100% (9/9), 914 bytes | 914.00 KiB/s, done.
Total 9 (delta 3), reused 0 (delta 0), pack-reused 0
remote: Resolving deltas: 100% (3/3), completed with 1 local object.
To https://github.com/bugevac/SI_2023_lab1_172007.git
 * [new branch]      bug1 -> bug1
 * [new branch]      bug2 -> bug2
 * [new branch]      bug3 -> bug3

emab@Emab-PC MINGW64 ~/Desktop/dok/SI_2023_lab1_172007 (bug3)
$ git checkout master
Switched to branch 'master'

emab@Emab-PC MINGW64 ~/Desktop/dok/SI_2023_lab1_172007 (master)
$ git merge bug1
Updating 86c72d2..11298b0
Fast-forward
 SILab1.java | 2 +-
 1 file changed, 1 insertion(+), 1 deletion(-)

emab@Emab-PC MINGW64 ~/Desktop/dok/SI_2023_lab1_172007 (master)
$ git push --all origin
Total 0 (delta 0), reused 0 (delta 0), pack-reused 0
To https://github.com/bugevac/SI_2023_lab1_172007.git
   86c72d2..11298b0  master -> master

emab@Emab-PC MINGW64 ~/Desktop/dok/SI_2023_lab1_172007 (master)
$ git merge bug2
Auto-merging SILab1.java                                 0 [sig] bash 1180! sigpacket::process: Suppressing signal 18 to win32 process (pid 9804)
 641212 [sig] bash 1180! sigpacket::process: Suppressing signal 18 to win32 process (pid 9804)
1154691 [sig] bash 1180! sigpacket::process: Suppressing signal 18 to win32 process (pid 9804)
1605868 [sig] bash 1180! sigpacket::process: Suppressing signal 18 to win32 process (pid 9804)
2183885 [sig] bash 1180! sigpacket::process: Suppressing signal 18 to win32 process (pid 9804)
2571997 [sig] bash 1180! sigpacket::process: Suppressing signal 18 to win32 process (pid 9804)
3056950 [sig] bash 1180! sigpacket::process: Suppressing signal 18 to win32 process (pid 9804)
3290227 [sig] bash 1180! sigpacket::process: Suppressing signal 18 to win32 process (pid 9804)
58744721 [sig] bash 1180! sigpacket::process: Suppressing signal 18 to win32 process (pid 9804)
59497902 [sig] bash 1180! sigpacket::process: Suppressing signal 18 to win32 process (pid 9804)
Merge made by the 'recursive' strategy.
 SILab1.java | 2 +-
 1 file changed, 1 insertion(+), 1 deletion(-)

emab@Emab-PC MINGW64 ~/Desktop/dok/SI_2023_lab1_172007 (master)
$ git checkout master
Already on 'master'

emab@Emab-PC MINGW64 ~/Desktop/dok/SI_2023_lab1_172007 (master)
$ git merge bug2
Already up to date.

emab@Emab-PC MINGW64 ~/Desktop/dok/SI_2023_lab1_172007 (master)
$ git push --all origin
Enumerating objects: 7, done.
Counting objects: 100% (7/7), done.
Delta compression using up to 8 threads
Compressing objects: 100% (3/3), done.
Writing objects: 100% (3/3), 349 bytes | 349.00 KiB/s, done.
Total 3 (delta 1), reused 0 (delta 0), pack-reused 0
remote: Resolving deltas: 100% (1/1), completed with 1 local object.
To https://github.com/bugevac/SI_2023_lab1_172007.git
   11298b0..2b63b6d  master -> master

emab@Emab-PC MINGW64 ~/Desktop/dok/SI_2023_lab1_172007 (master)
$ git checkout bug3
Switched to branch 'bug3'

emab@Emab-PC MINGW64 ~/Desktop/dok/SI_2023_lab1_172007 (bug3)
$ git checkout master
Switched to branch 'master'

emab@Emab-PC MINGW64 ~/Desktop/dok/SI_2023_lab1_172007 (master)
$ git merge bug3
Auto-merging SILab1.java
Merge made by the 'recursive' strategy.
 SILab1.java | 2 +-
 1 file changed, 1 insertion(+), 1 deletion(-)

emab@Emab-PC MINGW64 ~/Desktop/dok/SI_2023_lab1_172007 (master)
$ git push --all origin
Enumerating objects: 7, done.
Counting objects: 100% (7/7), done.
Delta compression using up to 8 threads
Compressing objects: 100% (3/3), done.
Writing objects: 100% (3/3), 343 bytes | 343.00 KiB/s, done.
Total 3 (delta 1), reused 0 (delta 0), pack-reused 0
remote: Resolving deltas: 100% (1/1), completed with 1 local object.
To https://github.com/bugevac/SI_2023_lab1_172007.git
   2b63b6d..b3be6e9  master -> master

emab@Emab-PC MINGW64 ~/Desktop/dok/SI_2023_lab1_172007 (master)
$ git add 172007.txt

emab@Emab-PC MINGW64 ~/Desktop/dok/SI_2023_lab1_172007 (master)
$ git add logs.txt


